Mar 19, 2014 5:52:34 PM org.openqa.grid.selenium.GridLauncher main
INFO: Launching a standalone server
Setting system property webdriver.chrome.driver to /Users/wouter1/Sites/frontend-integration/node_modules/grunt-selenium/tasks/lib/mac.chromedriver
17:52:34.211 INFO - Java: Apple Inc. 20.65-b04-462
17:52:34.212 INFO - OS: Mac OS X 10.8.5 x86_64
17:52:34.223 INFO - v2.35.0, with Core v2.35.0. Built from revision c916b9d
17:52:34.361 INFO - RemoteWebDriver instances should connect to: http://127.0.0.1:4444/wd/hub
17:52:34.362 INFO - Version Jetty/5.1.x
17:52:34.363 INFO - Started HttpContext[/selenium-server/driver,/selenium-server/driver]
17:52:34.364 INFO - Started HttpContext[/selenium-server,/selenium-server]
17:52:34.364 INFO - Started HttpContext[/,/]
17:52:34.405 INFO - Started org.openqa.jetty.jetty.servlet.ServletHandler@42552c
17:52:34.405 INFO - Started HttpContext[/wd,/wd]
17:52:34.410 WARN - Failed to start: SocketListener0@0.0.0.0:4444
Exception in thread "main" java.net.BindException: Selenium is already running on port 4444. Or some other service is.
	at org.openqa.selenium.server.SeleniumServer.start(SeleniumServer.java:491)
	at org.openqa.selenium.server.SeleniumServer.boot(SeleniumServer.java:300)
	at org.openqa.selenium.server.SeleniumServer.main(SeleniumServer.java:245)
	at org.openqa.grid.selenium.GridLauncher.main(GridLauncher.java:93)
Mar 19, 2014 5:54:13 PM org.openqa.grid.selenium.GridLauncher main
INFO: Launching a standalone server
Setting system property webdriver.chrome.driver to /Users/wouter1/Sites/frontend-integration/node_modules/grunt-selenium/tasks/lib/mac.chromedriver
17:54:13.866 INFO - Java: Apple Inc. 20.65-b04-462
17:54:13.866 INFO - OS: Mac OS X 10.8.5 x86_64
17:54:13.878 INFO - v2.35.0, with Core v2.35.0. Built from revision c916b9d
17:54:14.023 INFO - RemoteWebDriver instances should connect to: http://127.0.0.1:4444/wd/hub
17:54:14.024 INFO - Version Jetty/5.1.x
17:54:14.025 INFO - Started HttpContext[/selenium-server/driver,/selenium-server/driver]
17:54:14.026 INFO - Started HttpContext[/selenium-server,/selenium-server]
17:54:14.026 INFO - Started HttpContext[/,/]
17:54:14.080 INFO - Started org.openqa.jetty.jetty.servlet.ServletHandler@77f297e7
17:54:14.080 INFO - Started HttpContext[/wd,/wd]
17:54:14.088 INFO - Started SocketListener on 0.0.0.0:4444
17:54:14.089 INFO - Started org.openqa.jetty.jetty.Server@7f081d2e
17:54:14.610 INFO - Executing: [new session: {platform=ANY, javascriptEnabled=true, browserName=chrome, name=This is an example test, version=}] at URL: /session)
17:54:14.674 INFO - Creating a new session for Capabilities [{platform=ANY, javascriptEnabled=true, browserName=chrome, name=This is an example test, version=}]
[0.425][INFO]: received WebDriver request: GET /status 
[0.426][INFO]: sending WebDriver response: 200 {
   "sessionId": "",
   "status": 0,
   "value": {
      "build": {
         "version": "alpha"
      },
      "os": {
         "arch": "x86_64",
         "name": "Mac OS X",
         "version": "10.8.5"
      }
   }
}
[0.643][INFO]: received WebDriver request: POST /session {
   "desiredCapabilities": {
      "browserName": "chrome",
      "javascriptEnabled": true,
      "name": "This is an example test",
      "platform": "ANY",
      "version": ""
   }
}
[0.682][INFO]: Launching chrome: /Applications/Google Chrome.app/Contents/MacOS/Google Chrome --remote-debugging-port=62601 --no-first-run --enable-logging --logging-level=1 --user-data-dir=/var/folders/jx/lyck6ynj7yq_nvyzr4c19lmc0000gt/T/.org.chromium.Chromium.GLH9Ux --load-extension=/var/folders/jx/lyck6ynj7yq_nvyzr4c19lmc0000gt/T/.org.chromium.Chromium.BufVPD/internal --ignore-certificate-errors data:text/html;charset=utf-8,
[20.855][INFO]: sending WebDriver response: 200 {
   "sessionId": "",
   "status": 13,
   "value": {
      "message": "unknown error: unable to discover open pages\n  (Driver info: chromedriver=2.0,platform=Mac OS X 10.8.5 x86_64)"
   }
}
17:54:36.470 WARN - Exception thrown
java.util.concurrent.ExecutionException: org.openqa.selenium.WebDriverException: java.lang.reflect.InvocationTargetException
Build info: version: '2.35.0', revision: 'c916b9d', time: '2013-08-12 15:42:01'
System info: os.name: 'Mac OS X', os.arch: 'x86_64', os.version: '10.8.5', java.version: '1.6.0_65'
Driver info: driver.version: unknown
	at java.util.concurrent.FutureTask$Sync.innerGet(FutureTask.java:222)
	at java.util.concurrent.FutureTask.get(FutureTask.java:83)
	at org.openqa.selenium.remote.server.DefaultSession.execute(DefaultSession.java:176)
	at org.openqa.selenium.remote.server.DefaultSession.<init>(DefaultSession.java:112)
	at org.openqa.selenium.remote.server.DefaultSession.createSession(DefaultSession.java:89)
	at org.openqa.selenium.remote.server.DefaultDriverSessions.newSession(DefaultDriverSessions.java:89)
	at org.openqa.selenium.remote.server.handler.NewSession.handle(NewSession.java:63)
	at org.openqa.selenium.remote.server.rest.ResultConfig.handle(ResultConfig.java:205)
	at org.openqa.selenium.remote.server.JsonHttpRemoteConfig.handleRequest(JsonHttpRemoteConfig.java:192)
	at org.openqa.selenium.remote.server.DriverServlet.handleRequest(DriverServlet.java:201)
	at org.openqa.selenium.remote.server.DriverServlet.doPost(DriverServlet.java:167)
	at javax.servlet.http.HttpServlet.service(HttpServlet.java:727)
	at org.openqa.selenium.remote.server.DriverServlet.service(DriverServlet.java:139)
	at javax.servlet.http.HttpServlet.service(HttpServlet.java:820)
	at org.openqa.jetty.jetty.servlet.ServletHolder.handle(ServletHolder.java:428)
	at org.openqa.jetty.jetty.servlet.ServletHandler.dispatch(ServletHandler.java:677)
	at org.openqa.jetty.jetty.servlet.ServletHandler.handle(ServletHandler.java:568)
	at org.openqa.jetty.http.HttpContext.handle(HttpContext.java:1526)
	at org.openqa.jetty.http.HttpContext.handle(HttpContext.java:1479)
	at org.openqa.jetty.http.HttpServer.service(HttpServer.java:914)
	at org.openqa.jetty.http.HttpConnection.service(HttpConnection.java:820)
	at org.openqa.jetty.http.HttpConnection.handleNext(HttpConnection.java:986)
	at org.openqa.jetty.http.HttpConnection.handle(HttpConnection.java:837)
	at org.openqa.jetty.http.SocketListener.handleConnection(SocketListener.java:243)
	at org.openqa.jetty.util.ThreadedServer.handle(ThreadedServer.java:357)
	at org.openqa.jetty.util.ThreadPool$PoolThread.run(ThreadPool.java:534)
Caused by: org.openqa.selenium.WebDriverException: java.lang.reflect.InvocationTargetException
Build info: version: '2.35.0', revision: 'c916b9d', time: '2013-08-12 15:42:01'
System info: os.name: 'Mac OS X', os.arch: 'x86_64', os.version: '10.8.5', java.version: '1.6.0_65'
Driver info: driver.version: unknown
	at org.openqa.selenium.remote.server.DefaultDriverFactory.callConstructor(DefaultDriverFactory.java:72)
	at org.openqa.selenium.remote.server.DefaultDriverFactory.newInstance(DefaultDriverFactory.java:56)
	at org.openqa.selenium.remote.server.DefaultSession$BrowserCreator.call(DefaultSession.java:215)
	at org.openqa.selenium.remote.server.DefaultSession$BrowserCreator.call(DefaultSession.java:1)
	at java.util.concurrent.FutureTask$Sync.innerRun(FutureTask.java:303)
	at java.util.concurrent.FutureTask.run(FutureTask.java:138)
	at org.openqa.selenium.remote.server.DefaultSession$1.run(DefaultSession.java:169)
	at java.util.concurrent.ThreadPoolExecutor$Worker.runTask(ThreadPoolExecutor.java:895)
	at java.util.concurrent.ThreadPoolExecutor$Worker.run(ThreadPoolExecutor.java:918)
	at java.lang.Thread.run(Thread.java:695)
Caused by: java.lang.reflect.InvocationTargetException
	at sun.reflect.NativeConstructorAccessorImpl.newInstance0(Native Method)
	at sun.reflect.NativeConstructorAccessorImpl.newInstance(NativeConstructorAccessorImpl.java:39)
	at sun.reflect.DelegatingConstructorAccessorImpl.newInstance(DelegatingConstructorAccessorImpl.java:27)
	at java.lang.reflect.Constructor.newInstance(Constructor.java:513)
	at org.openqa.selenium.remote.server.DefaultDriverFactory.callConstructor(DefaultDriverFactory.java:62)
	... 9 more
Caused by: org.openqa.selenium.WebDriverException: unknown error: unable to discover open pages
  (Driver info: chromedriver=2.0,platform=Mac OS X 10.8.5 x86_64) (WARNING: The server did not provide any stacktrace information)
Command duration or timeout: 21.14 seconds
Build info: version: '2.35.0', revision: 'c916b9d', time: '2013-08-12 15:42:01'
System info: os.name: 'Mac OS X', os.arch: 'x86_64', os.version: '10.8.5', java.version: '1.6.0_65'
Driver info: org.openqa.selenium.chrome.ChromeDriver
	at sun.reflect.NativeConstructorAccessorImpl.newInstance0(Native Method)
	at sun.reflect.NativeConstructorAccessorImpl.newInstance(NativeConstructorAccessorImpl.java:39)
	at sun.reflect.DelegatingConstructorAccessorImpl.newInstance(DelegatingConstructorAccessorImpl.java:27)
	at java.lang.reflect.Constructor.newInstance(Constructor.java:513)
	at org.openqa.selenium.remote.ErrorHandler.createThrowable(ErrorHandler.java:191)
	at org.openqa.selenium.remote.ErrorHandler.throwIfResponseFailed(ErrorHandler.java:145)
	at org.openqa.selenium.remote.RemoteWebDriver.execute(RemoteWebDriver.java:554)
	at org.openqa.selenium.remote.RemoteWebDriver.startSession(RemoteWebDriver.java:216)
	at org.openqa.selenium.remote.RemoteWebDriver.<init>(RemoteWebDriver.java:111)
	at org.openqa.selenium.remote.RemoteWebDriver.<init>(RemoteWebDriver.java:115)
	at org.openqa.selenium.chrome.ChromeDriver.<init>(ChromeDriver.java:150)
	at org.openqa.selenium.chrome.ChromeDriver.<init>(ChromeDriver.java:129)
	... 14 more
17:54:36.478 WARN - Exception: unknown error: unable to discover open pages
  (Driver info: chromedriver=2.0,platform=Mac OS X 10.8.5 x86_64) (WARNING: The server did not provide any stacktrace information)
Command duration or timeout: 21.14 seconds
Build info: version: '2.35.0', revision: 'c916b9d', time: '2013-08-12 15:42:01'
System info: os.name: 'Mac OS X', os.arch: 'x86_64', os.version: '10.8.5', java.version: '1.6.0_65'
Driver info: org.openqa.selenium.chrome.ChromeDriver
Mar 19, 2014 5:56:32 PM org.openqa.grid.selenium.GridLauncher main
INFO: Launching a standalone server
Setting system property webdriver.chrome.driver to /Users/wouter1/Sites/frontend-integration/node_modules/grunt-selenium/tasks/lib/mac.chromedriver
17:56:32.587 INFO - Java: Apple Inc. 20.65-b04-462
17:56:32.587 INFO - OS: Mac OS X 10.8.5 x86_64
17:56:32.600 INFO - v2.35.0, with Core v2.35.0. Built from revision c916b9d
17:56:32.733 INFO - RemoteWebDriver instances should connect to: http://127.0.0.1:4444/wd/hub
17:56:32.734 INFO - Version Jetty/5.1.x
17:56:32.735 INFO - Started HttpContext[/selenium-server/driver,/selenium-server/driver]
17:56:32.736 INFO - Started HttpContext[/selenium-server,/selenium-server]
17:56:32.736 INFO - Started HttpContext[/,/]
17:56:32.780 INFO - Started org.openqa.jetty.jetty.servlet.ServletHandler@42552c
17:56:32.780 INFO - Started HttpContext[/wd,/wd]
17:56:32.786 INFO - Started SocketListener on 0.0.0.0:4444
17:56:32.786 INFO - Started org.openqa.jetty.jetty.Server@6db3f829
17:56:33.130 INFO - Executing: [new session: {platform=ANY, javascriptEnabled=true, browserName=chrome, name=This is an example test, version=}] at URL: /session)
17:56:33.145 INFO - Creating a new session for Capabilities [{platform=ANY, javascriptEnabled=true, browserName=chrome, name=This is an example test, version=}]
[0.487][INFO]: received WebDriver request: GET /status 
[0.489][INFO]: sending WebDriver response: 200 {
   "sessionId": "",
   "status": 0,
   "value": {
      "build": {
         "version": "alpha"
      },
      "os": {
         "arch": "x86_64",
         "name": "Mac OS X",
         "version": "10.8.5"
      }
   }
}
[0.595][INFO]: received WebDriver request: POST /session {
   "desiredCapabilities": {
      "browserName": "chrome",
      "javascriptEnabled": true,
      "name": "This is an example test",
      "platform": "ANY",
      "version": ""
   }
}
[0.600][INFO]: Launching chrome: /Applications/Google Chrome.app/Contents/MacOS/Google Chrome --remote-debugging-port=63118 --no-first-run --enable-logging --logging-level=1 --user-data-dir=/var/folders/jx/lyck6ynj7yq_nvyzr4c19lmc0000gt/T/.org.chromium.Chromium.6OAfjE --load-extension=/var/folders/jx/lyck6ynj7yq_nvyzr4c19lmc0000gt/T/.org.chromium.Chromium.p7l1Kn/internal --ignore-certificate-errors data:text/html;charset=utf-8,
